/home/user/Library/Python/3.9/lib/python/site-packages/urllib3/__init__.py:35: NotOpenSSLWarning: urllib3 v2 only supports OpenSSL 1.1.1+, currently the 'ssl' module is compiled with 'LibreSSL 2.8.3'. See: https://github.com/urllib3/urllib3/issues/3020
  warnings.warn(
[Nucleus Init] WARNING: FastMCP not installed. Running in standalone/verification mode.\ntest_archive_empty_returns_success (test_brain_consolidation.TestBrainConsolidation)
Test that archiving with no files returns success with 0 count. ... ok
test_archive_handles_metadata_json (test_brain_consolidation.TestBrainConsolidation)
Test that .metadata.json files are also archived. ... ok
test_archive_resolved_creates_directory (test_brain_consolidation.TestBrainConsolidation)
Test that archive/resolved/ is created if missing. ... ok
test_archive_resolved_moves_files (test_brain_consolidation.TestBrainConsolidation)
Test that .resolved.* files are moved to archive. ... ok
test_archive_resolved_skips_primary_files (test_brain_consolidation.TestBrainConsolidation)
Test that primary files (not .resolved) are NOT moved. ... ok
test_fallback_to_v1 (test_brain_v2_logic.TestBrainV2Logic)
Test that we read from state.json if tasks.json is missing ... ok
test_precedence_of_v2 (test_brain_v2_logic.TestBrainV2Logic)
Test that tasks.json takes precedence over state.json ... ok
test_save_v2_if_exists (test_brain_v2_logic.TestBrainV2Logic)
Test that we save to tasks.json if it exists ... ok
test_core (unittest.loader._FailedTest) ... ERROR
test_breadcrumbs_build_correctly (test_depth_tracker.TestDepthTracker)
Test that breadcrumbs show the path. ... ok
test_caution_at_level_3 (test_depth_tracker.TestDepthTracker)
Test that caution triggers at level 3 (when max is 5). ... ok
test_depth_persists (test_depth_tracker.TestDepthTracker)
Test that depth state persists to file. ... ok
test_initial_depth_is_zero (test_depth_tracker.TestDepthTracker)
Test that initial depth is 0 (root level). ... ok
test_pop_at_root_is_safe (test_depth_tracker.TestDepthTracker)
Test that popping at root level doesn't crash. ... ok
test_pop_decreases_depth (test_depth_tracker.TestDepthTracker)
Test that popping decreases depth. ... ok
test_push_increases_depth (test_depth_tracker.TestDepthTracker)
Test that pushing a topic increases depth. ... ok
test_reset_clears_all_levels (test_depth_tracker.TestDepthTracker)
Test that reset returns to root. ... ok
test_set_max_depth (test_depth_tracker.TestDepthTracker)
Test setting max safe depth. ... ok
test_set_max_depth_validation (test_depth_tracker.TestDepthTracker)
Test that invalid max depths are rejected. ... ok
test_visual_indicator_format (test_depth_tracker.TestDepthTracker)
Test that visual indicator is formatted correctly. ... ok
test_warning_at_max_depth (test_depth_tracker.TestDepthTracker)
Test that warnings trigger at max depth. ... ok
test_compute_world_state_hash (test_dsor_v060.TestContextManager)
Test world state hash computation ... ok
test_context_manager_import (test_dsor_v060.TestContextManager)
Test that context_manager imports correctly ... ok
test_snapshot_persistence (test_dsor_v060.TestContextManager)
Test snapshot persistence and loading ... ok
test_state_drift_detection (test_dsor_v060.TestContextManager)
Test that state drift is detected ... ok
test_state_verification (test_dsor_v060.TestContextManager)
Test state integrity verification ... ok
test_take_snapshot (test_dsor_v060.TestContextManager)
Test taking a context snapshot ... ok
test_context_hash_computation (test_dsor_v060.TestDecisionMadeIntegration)
Test context hash computation ... ok
test_decision_made_class (test_dsor_v060.TestDecisionMadeIntegration)
Test DecisionMade class structure ... ok
test_decision_to_dict (test_dsor_v060.TestDecisionMadeIntegration)
Test DecisionMade serialization ... ok
test_ephemeral_agent_has_decision_ledger (test_dsor_v060.TestDecisionMadeIntegration)
Test that EphemeralAgent tracks decisions ... ok
test_ipc_auth_import (test_dsor_v060.TestIPCAuth)
Test that ipc_auth imports correctly ... ok
test_metering_persistence (test_dsor_v060.TestIPCAuth)
Test that metering entries are persisted ... ok
test_token_issuance (test_dsor_v060.TestIPCAuth)
Test IPC token issuance ... ok
test_token_metering (test_dsor_v060.TestIPCAuth)
Test token consumption metering ... ok
test_token_single_use (test_dsor_v060.TestIPCAuth)
Test that tokens are single-use ... ok
test_token_validation (test_dsor_v060.TestIPCAuth)
Test IPC token validation ... ok
test_governance_status_counts_engrams (test_engram_tools.TestEngramTools)
Test governance status accurately counts engrams. ... ok
test_governance_status_returns_policies (test_engram_tools.TestEngramTools)
Test governance status returns policy information. ... ok
test_query_engrams_filters_by_context (test_engram_tools.TestEngramTools)
Test query filters by context category. ... ok
test_query_engrams_filters_by_intensity (test_engram_tools.TestEngramTools)
Test query filters by minimum intensity. ... ok
test_query_engrams_returns_empty_when_no_file (test_engram_tools.TestEngramTools)
Test query returns empty list when no engrams exist. ... ok
test_query_engrams_sorts_by_intensity (test_engram_tools.TestEngramTools)
Test that results are sorted by intensity (highest first). ... ok
test_write_engram_creates_file (test_engram_tools.TestEngramTools)
Test that write_engram creates the engram ledger file. ... ok
test_write_engram_validates_context (test_engram_tools.TestEngramTools)
Test that context must be valid category. ... ok
test_write_engram_validates_intensity (test_engram_tools.TestEngramTools)
Test that intensity must be 1-10. ... ok
test_brain_health (test_integration.TestIntegration)
AG-001: Test brain_health() tool ... ok
test_event_emission_reading (test_integration.TestIntegration)
AG-007: Test event pipeline (emit -> read) ... FAIL
test_session_save_resume_cycle (test_integration.TestIntegration)
AG-007: Test session save and resume full cycle ... FAIL
test_task_crud_operations (test_integration.TestIntegration)
AG-007: Test full task CRUD queue operations ... ✅ pass: test_fallback_to_v1
✅ pass: test_precedence_of_v2
✅ pass: test_save_v2_if_exists
✅ pass: test_breadcrumbs_build_correctly
✅ pass: test_caution_at_level_3
✅ pass: test_depth_persists
✅ pass: test_initial_depth_is_zero
✅ pass: test_pop_at_root_is_safe
✅ pass: test_pop_decreases_depth
✅ pass: test_push_increases_depth
✅ pass: test_reset_clears_all_levels
✅ pass: test_set_max_depth
✅ pass: test_set_max_depth_validation
✅ pass: test_visual_indicator_format
✅ pass: test_warning_at_max_depth
✅ pass: test_brain_health
2026-02-10 12:49:55,886 - nucleus.task_ops - ERROR - Error getting tasks list: NUCLEAR_BRAIN_PATH environment variable not set
2026-02-10 12:49:55,886 - nucleus.task_ops - ERROR - Error saving tasks list: NUCLEAR_BRAIN_PATH environment variable not set
2026-02-10 12:49:55,887 - nucleus.task_ops - ERROR - Error getting tasks list: NUCLEAR_BRAIN_PATH environment variable not set
2026-02-10 12:49:55,887 - nucleus.task_ops - WARNING - Failed to merge commitment ledger: NUCLEAR_BRAIN_PATH environment variable not set
FAIL
test_metrics_summary_format (test_profiling.TestProfiling)
Test that metrics summary returns markdown table. ... ok
test_min_max_tracking (test_profiling.TestProfiling)
Test that min/max latencies are tracked. ... ok
test_multiple_calls_accumulate (test_profiling.TestProfiling)
Test that multiple calls accumulate in metrics. ... ok
test_reset_metrics_clears_data (test_profiling.TestProfiling)
Test that reset_metrics clears all data. ... ok
test_timed_decorator_records_metrics (test_profiling.TestProfiling)
Test that @timed decorator records call metrics. ... ok
test_timed_io_decorator (test_profiling.TestProfiling)
Test timed_io convenience decorator. ... ok
test_inc_counter_basic (test_prometheus.TestPrometheusMetrics)
Test basic counter increment. ... ok
test_metrics_json_structure (test_prometheus.TestPrometheusMetrics)
Test JSON metrics structure. ... ok
test_metrics_tracked_decorator (test_prometheus.TestPrometheusMetrics)
Test @metrics_tracked decorator. ... ok
test_observe_latency (test_prometheus.TestPrometheusMetrics)
Test latency observation. ... ok
test_prometheus_format_output (test_prometheus.TestPrometheusMetrics)
Test Prometheus exposition format. ... ok
test_quantile_calculation (test_prometheus.TestPrometheusMetrics)
Test that quantiles are calculated correctly. ... ok
test_reset_metrics (test_prometheus.TestPrometheusMetrics)
Test metrics reset. ... ok
test_set_gauge (test_prometheus.TestPrometheusMetrics)
Test gauge setting. ... ok
test_sync_ops (unittest.loader._FailedTest) ... ERROR
test_tool_registration (unittest.loader._FailedTest) ... ERROR
test_tools (unittest.loader.ModuleSkipped) ... skipped 'pytest not installed - skipping test_tools.py'

======================================================================
ERROR: test_core (unittest.loader._FailedTest)
----------------------------------------------------------------------
ImportError: Failed to import test module: test_core
Traceback (most recent call last):
  File "/Applications/Xcode.app/Contents/Developer/Library/Frameworks/Python3.framework/Versions/3.9/lib/python3.9/unittest/loader.py", line 436, in _find_test_path
    module = self._get_module_from_name(name)
  File "/Applications/Xcode.app/Contents/Developer/Library/Frameworks/Python3.framework/Versions/3.9/lib/python3.9/unittest/loader.py", line 377, in _get_module_from_name
    __import__(name)
  File "/path/to/your/project/mcp-server-nucleus/tests/test_core.py", line 5, in <module>
    import pytest
ModuleNotFoundError: No module named 'pytest'


======================================================================
ERROR: test_sync_ops (unittest.loader._FailedTest)
----------------------------------------------------------------------
ImportError: Failed to import test module: test_sync_ops
Traceback (most recent call last):
  File "/Applications/Xcode.app/Contents/Developer/Library/Frameworks/Python3.framework/Versions/3.9/lib/python3.9/unittest/loader.py", line 436, in _find_test_path
    module = self._get_module_from_name(name)
  File "/Applications/Xcode.app/Contents/Developer/Library/Frameworks/Python3.framework/Versions/3.9/lib/python3.9/unittest/loader.py", line 377, in _get_module_from_name
    __import__(name)
  File "/path/to/your/project/mcp-server-nucleus/tests/test_sync_ops.py", line 9, in <module>
    import pytest
ModuleNotFoundError: No module named 'pytest'


======================================================================
ERROR: test_tool_registration (unittest.loader._FailedTest)
----------------------------------------------------------------------
ImportError: Failed to import test module: test_tool_registration
Traceback (most recent call last):
  File "/Applications/Xcode.app/Contents/Developer/Library/Frameworks/Python3.framework/Versions/3.9/lib/python3.9/unittest/loader.py", line 436, in _find_test_path
    module = self._get_module_from_name(name)
  File "/Applications/Xcode.app/Contents/Developer/Library/Frameworks/Python3.framework/Versions/3.9/lib/python3.9/unittest/loader.py", line 377, in _get_module_from_name
    __import__(name)
  File "/path/to/your/project/mcp-server-nucleus/tests/test_tool_registration.py", line 5, in <module>
    import pytest
ModuleNotFoundError: No module named 'pytest'


======================================================================
FAIL: test_event_emission_reading (test_integration.TestIntegration)
AG-007: Test event pipeline (emit -> read)
----------------------------------------------------------------------
Traceback (most recent call last):
  File "/path/to/your/project/mcp-server-nucleus/tests/test_integration.py", line 125, in test_event_emission_reading
    self.assertTrue(emit_resp["success"])
AssertionError: False is not true

======================================================================
FAIL: test_session_save_resume_cycle (test_integration.TestIntegration)
AG-007: Test session save and resume full cycle
----------------------------------------------------------------------
Traceback (most recent call last):
  File "/path/to/your/project/mcp-server-nucleus/tests/test_integration.py", line 69, in test_session_save_resume_cycle
    self.assertTrue(save_resp["success"])
AssertionError: False is not true

======================================================================
FAIL: test_task_crud_operations (test_integration.TestIntegration)
AG-007: Test full task CRUD queue operations
----------------------------------------------------------------------
Traceback (most recent call last):
  File "/path/to/your/project/mcp-server-nucleus/tests/test_integration.py", line 101, in test_task_crud_operations
    self.assertTrue(found)
AssertionError: False is not true

----------------------------------------------------------------------
Ran 67 tests in 2.636s

FAILED (failures=3, errors=3, skipped=1)
⚠️ SLOW: minmax_test took 15.20ms (threshold: 10.0ms)
⚠️ SLOW: test_operation took 12.54ms (threshold: 10.0ms)
